------------------------------------------------------------
Timing Analyzer Summary
------------------------------------------------------------

Type  : Slow 1100mV 85C Model Setup 'clock_divider:u_div|clk_out'
Slack : -86.037
TNS   : -124616.990

Type  : Slow 1100mV 85C Model Setup 'CLOCK_50'
Slack : -4.664
TNS   : -53.680

Type  : Slow 1100mV 85C Model Setup 'clk_pix'
Slack : -2.113
TNS   : -54.417

Type  : Slow 1100mV 85C Model Setup 'sck'
Slack : -0.455
TNS   : -0.691

Type  : Slow 1100mV 85C Model Hold 'sck'
Slack : 0.213
TNS   : 0.000

Type  : Slow 1100mV 85C Model Hold 'CLOCK_50'
Slack : 0.380
TNS   : 0.000

Type  : Slow 1100mV 85C Model Hold 'clock_divider:u_div|clk_out'
Slack : 0.506
TNS   : 0.000

Type  : Slow 1100mV 85C Model Hold 'clk_pix'
Slack : 0.556
TNS   : 0.000

Type  : Slow 1100mV 85C Model Recovery 'clock_divider:u_div|clk_out'
Slack : -2.109
TNS   : -531.520

Type  : Slow 1100mV 85C Model Removal 'clock_divider:u_div|clk_out'
Slack : 1.085
TNS   : 0.000

Type  : Slow 1100mV 85C Model Minimum Pulse Width 'clock_divider:u_div|clk_out'
Slack : -2.225
TNS   : -4489.299

Type  : Slow 1100mV 85C Model Minimum Pulse Width 'CLOCK_50'
Slack : -0.442
TNS   : -18.226

Type  : Slow 1100mV 85C Model Minimum Pulse Width 'clk_pix'
Slack : -0.394
TNS   : -13.968

Type  : Slow 1100mV 85C Model Minimum Pulse Width 'sck'
Slack : -0.394
TNS   : -7.552

Type  : Slow 1100mV 0C Model Setup 'clock_divider:u_div|clk_out'
Slack : -86.866
TNS   : -121362.998

Type  : Slow 1100mV 0C Model Setup 'CLOCK_50'
Slack : -4.373
TNS   : -54.953

Type  : Slow 1100mV 0C Model Setup 'clk_pix'
Slack : -2.038
TNS   : -52.203

Type  : Slow 1100mV 0C Model Setup 'sck'
Slack : -0.465
TNS   : -0.732

Type  : Slow 1100mV 0C Model Hold 'sck'
Slack : 0.200
TNS   : 0.000

Type  : Slow 1100mV 0C Model Hold 'CLOCK_50'
Slack : 0.377
TNS   : 0.000

Type  : Slow 1100mV 0C Model Hold 'clock_divider:u_div|clk_out'
Slack : 0.477
TNS   : 0.000

Type  : Slow 1100mV 0C Model Hold 'clk_pix'
Slack : 0.529
TNS   : 0.000

Type  : Slow 1100mV 0C Model Recovery 'clock_divider:u_div|clk_out'
Slack : -2.023
TNS   : -514.219

Type  : Slow 1100mV 0C Model Removal 'clock_divider:u_div|clk_out'
Slack : 1.010
TNS   : 0.000

Type  : Slow 1100mV 0C Model Minimum Pulse Width 'clock_divider:u_div|clk_out'
Slack : -2.225
TNS   : -4587.231

Type  : Slow 1100mV 0C Model Minimum Pulse Width 'CLOCK_50'
Slack : -0.453
TNS   : -19.763

Type  : Slow 1100mV 0C Model Minimum Pulse Width 'clk_pix'
Slack : -0.394
TNS   : -13.869

Type  : Slow 1100mV 0C Model Minimum Pulse Width 'sck'
Slack : -0.394
TNS   : -7.492

Type  : Fast 1100mV 85C Model Setup 'clock_divider:u_div|clk_out'
Slack : -48.112
TNS   : -77154.353

Type  : Fast 1100mV 85C Model Setup 'CLOCK_50'
Slack : -2.440
TNS   : -18.269

Type  : Fast 1100mV 85C Model Setup 'clk_pix'
Slack : -0.997
TNS   : -24.885

Type  : Fast 1100mV 85C Model Setup 'sck'
Slack : 0.136
TNS   : 0.000

Type  : Fast 1100mV 85C Model Hold 'sck'
Slack : 0.129
TNS   : 0.000

Type  : Fast 1100mV 85C Model Hold 'CLOCK_50'
Slack : 0.200
TNS   : 0.000

Type  : Fast 1100mV 85C Model Hold 'clk_pix'
Slack : 0.258
TNS   : 0.000

Type  : Fast 1100mV 85C Model Hold 'clock_divider:u_div|clk_out'
Slack : 0.378
TNS   : 0.000

Type  : Fast 1100mV 85C Model Recovery 'clock_divider:u_div|clk_out'
Slack : -1.013
TNS   : -211.791

Type  : Fast 1100mV 85C Model Removal 'clock_divider:u_div|clk_out'
Slack : 0.615
TNS   : 0.000

Type  : Fast 1100mV 85C Model Minimum Pulse Width 'clock_divider:u_div|clk_out'
Slack : -1.702
TNS   : -17.020

Type  : Fast 1100mV 85C Model Minimum Pulse Width 'sck'
Slack : -0.554
TNS   : -8.339

Type  : Fast 1100mV 85C Model Minimum Pulse Width 'CLOCK_50'
Slack : -0.461
TNS   : -3.583

Type  : Fast 1100mV 85C Model Minimum Pulse Width 'clk_pix'
Slack : 0.107
TNS   : 0.000

Type  : Fast 1100mV 0C Model Setup 'clock_divider:u_div|clk_out'
Slack : -44.906
TNS   : -67855.854

Type  : Fast 1100mV 0C Model Setup 'CLOCK_50'
Slack : -2.040
TNS   : -16.580

Type  : Fast 1100mV 0C Model Setup 'clk_pix'
Slack : -0.851
TNS   : -21.174

Type  : Fast 1100mV 0C Model Setup 'sck'
Slack : 0.178
TNS   : 0.000

Type  : Fast 1100mV 0C Model Hold 'sck'
Slack : 0.116
TNS   : 0.000

Type  : Fast 1100mV 0C Model Hold 'CLOCK_50'
Slack : 0.190
TNS   : 0.000

Type  : Fast 1100mV 0C Model Hold 'clk_pix'
Slack : 0.226
TNS   : 0.000

Type  : Fast 1100mV 0C Model Hold 'clock_divider:u_div|clk_out'
Slack : 0.246
TNS   : 0.000

Type  : Fast 1100mV 0C Model Recovery 'clock_divider:u_div|clk_out'
Slack : -0.824
TNS   : -169.070

Type  : Fast 1100mV 0C Model Removal 'clock_divider:u_div|clk_out'
Slack : 0.555
TNS   : 0.000

Type  : Fast 1100mV 0C Model Minimum Pulse Width 'clock_divider:u_div|clk_out'
Slack : -1.702
TNS   : -17.020

Type  : Fast 1100mV 0C Model Minimum Pulse Width 'sck'
Slack : -0.605
TNS   : -9.630

Type  : Fast 1100mV 0C Model Minimum Pulse Width 'CLOCK_50'
Slack : -0.460
TNS   : -3.629

Type  : Fast 1100mV 0C Model Minimum Pulse Width 'clk_pix'
Slack : 0.123
TNS   : 0.000

------------------------------------------------------------
