------------------------------------------------------------
Timing Analyzer Summary
------------------------------------------------------------

Type  : Slow 1100mV 85C Model Setup 'clock_divider:u_div|clk_out'
Slack : -86.308
TNS   : -120820.344

Type  : Slow 1100mV 85C Model Setup 'clk_pix'
Slack : -8.298
TNS   : -345.252

Type  : Slow 1100mV 85C Model Setup 'CLOCK_50'
Slack : -4.815
TNS   : -54.500

Type  : Slow 1100mV 85C Model Setup 'sck'
Slack : -0.493
TNS   : -0.818

Type  : Slow 1100mV 85C Model Hold 'sck'
Slack : 0.222
TNS   : 0.000

Type  : Slow 1100mV 85C Model Hold 'clock_divider:u_div|clk_out'
Slack : 0.376
TNS   : 0.000

Type  : Slow 1100mV 85C Model Hold 'CLOCK_50'
Slack : 0.379
TNS   : 0.000

Type  : Slow 1100mV 85C Model Hold 'clk_pix'
Slack : 0.436
TNS   : 0.000

Type  : Slow 1100mV 85C Model Recovery 'clock_divider:u_div|clk_out'
Slack : -2.044
TNS   : -566.008

Type  : Slow 1100mV 85C Model Removal 'clock_divider:u_div|clk_out'
Slack : 1.118
TNS   : 0.000

Type  : Slow 1100mV 85C Model Minimum Pulse Width 'CLOCK_50'
Slack : -0.423
TNS   : -18.289

Type  : Slow 1100mV 85C Model Minimum Pulse Width 'clock_divider:u_div|clk_out'
Slack : -0.394
TNS   : -4873.072

Type  : Slow 1100mV 85C Model Minimum Pulse Width 'clk_pix'
Slack : -0.394
TNS   : -44.330

Type  : Slow 1100mV 85C Model Minimum Pulse Width 'sck'
Slack : -0.394
TNS   : -7.495

Type  : Slow 1100mV 0C Model Setup 'clock_divider:u_div|clk_out'
Slack : -86.949
TNS   : -117376.002

Type  : Slow 1100mV 0C Model Setup 'clk_pix'
Slack : -8.283
TNS   : -338.326

Type  : Slow 1100mV 0C Model Setup 'CLOCK_50'
Slack : -4.507
TNS   : -55.668

Type  : Slow 1100mV 0C Model Setup 'sck'
Slack : -0.508
TNS   : -0.809

Type  : Slow 1100mV 0C Model Hold 'sck'
Slack : 0.208
TNS   : 0.000

Type  : Slow 1100mV 0C Model Hold 'CLOCK_50'
Slack : 0.377
TNS   : 0.000

Type  : Slow 1100mV 0C Model Hold 'clock_divider:u_div|clk_out'
Slack : 0.390
TNS   : 0.000

Type  : Slow 1100mV 0C Model Hold 'clk_pix'
Slack : 0.450
TNS   : 0.000

Type  : Slow 1100mV 0C Model Recovery 'clock_divider:u_div|clk_out'
Slack : -1.975
TNS   : -546.259

Type  : Slow 1100mV 0C Model Removal 'clock_divider:u_div|clk_out'
Slack : 1.058
TNS   : 0.000

Type  : Slow 1100mV 0C Model Minimum Pulse Width 'CLOCK_50'
Slack : -0.459
TNS   : -19.750

Type  : Slow 1100mV 0C Model Minimum Pulse Width 'clock_divider:u_div|clk_out'
Slack : -0.394
TNS   : -5329.182

Type  : Slow 1100mV 0C Model Minimum Pulse Width 'clk_pix'
Slack : -0.394
TNS   : -44.521

Type  : Slow 1100mV 0C Model Minimum Pulse Width 'sck'
Slack : -0.394
TNS   : -7.465

Type  : Fast 1100mV 85C Model Setup 'clock_divider:u_div|clk_out'
Slack : -48.721
TNS   : -75925.201

Type  : Fast 1100mV 85C Model Setup 'clk_pix'
Slack : -4.321
TNS   : -183.043

Type  : Fast 1100mV 85C Model Setup 'CLOCK_50'
Slack : -2.909
TNS   : -19.103

Type  : Fast 1100mV 85C Model Setup 'sck'
Slack : 0.134
TNS   : 0.000

Type  : Fast 1100mV 85C Model Hold 'sck'
Slack : 0.139
TNS   : 0.000

Type  : Fast 1100mV 85C Model Hold 'clk_pix'
Slack : 0.166
TNS   : 0.000

Type  : Fast 1100mV 85C Model Hold 'clock_divider:u_div|clk_out'
Slack : 0.182
TNS   : 0.000

Type  : Fast 1100mV 85C Model Hold 'CLOCK_50'
Slack : 0.199
TNS   : 0.000

Type  : Fast 1100mV 85C Model Recovery 'clock_divider:u_div|clk_out'
Slack : -0.953
TNS   : -230.742

Type  : Fast 1100mV 85C Model Removal 'clock_divider:u_div|clk_out'
Slack : 0.605
TNS   : 0.000

Type  : Fast 1100mV 85C Model Minimum Pulse Width 'sck'
Slack : -0.554
TNS   : -8.331

Type  : Fast 1100mV 85C Model Minimum Pulse Width 'CLOCK_50'
Slack : -0.474
TNS   : -3.692

Type  : Fast 1100mV 85C Model Minimum Pulse Width 'clk_pix'
Slack : -0.041
TNS   : -1.533

Type  : Fast 1100mV 85C Model Minimum Pulse Width 'clock_divider:u_div|clk_out'
Slack : 0.097
TNS   : 0.000

Type  : Fast 1100mV 0C Model Setup 'clock_divider:u_div|clk_out'
Slack : -45.137
TNS   : -66586.650

Type  : Fast 1100mV 0C Model Setup 'clk_pix'
Slack : -4.096
TNS   : -166.449

Type  : Fast 1100mV 0C Model Setup 'CLOCK_50'
Slack : -2.446
TNS   : -17.308

Type  : Fast 1100mV 0C Model Setup 'sck'
Slack : 0.174
TNS   : 0.000

Type  : Fast 1100mV 0C Model Hold 'sck'
Slack : 0.127
TNS   : 0.000

Type  : Fast 1100mV 0C Model Hold 'clk_pix'
Slack : 0.152
TNS   : 0.000

Type  : Fast 1100mV 0C Model Hold 'clock_divider:u_div|clk_out'
Slack : 0.172
TNS   : 0.000

Type  : Fast 1100mV 0C Model Hold 'CLOCK_50'
Slack : 0.190
TNS   : 0.000

Type  : Fast 1100mV 0C Model Recovery 'clock_divider:u_div|clk_out'
Slack : -0.776
TNS   : -182.598

Type  : Fast 1100mV 0C Model Removal 'clock_divider:u_div|clk_out'
Slack : 0.547
TNS   : 0.000

Type  : Fast 1100mV 0C Model Minimum Pulse Width 'sck'
Slack : -0.602
TNS   : -9.571

Type  : Fast 1100mV 0C Model Minimum Pulse Width 'CLOCK_50'
Slack : -0.484
TNS   : -3.701

Type  : Fast 1100mV 0C Model Minimum Pulse Width 'clk_pix'
Slack : -0.004
TNS   : -0.062

Type  : Fast 1100mV 0C Model Minimum Pulse Width 'clock_divider:u_div|clk_out'
Slack : 0.084
TNS   : 0.000

------------------------------------------------------------
