------------------------------------------------------------
Timing Analyzer Summary
------------------------------------------------------------

Type  : Slow 1100mV 85C Model Setup 'clock_divider:u_div|clk_out'
Slack : -86.733
TNS   : -119651.888

Type  : Slow 1100mV 85C Model Setup 'clk_pix'
Slack : -8.888
TNS   : -358.116

Type  : Slow 1100mV 85C Model Setup 'CLOCK_50'
Slack : -4.678
TNS   : -55.182

Type  : Slow 1100mV 85C Model Setup 'sck'
Slack : -0.413
TNS   : -0.635

Type  : Slow 1100mV 85C Model Hold 'sck'
Slack : 0.219
TNS   : 0.000

Type  : Slow 1100mV 85C Model Hold 'clock_divider:u_div|clk_out'
Slack : 0.374
TNS   : 0.000

Type  : Slow 1100mV 85C Model Hold 'CLOCK_50'
Slack : 0.380
TNS   : 0.000

Type  : Slow 1100mV 85C Model Hold 'clk_pix'
Slack : 0.456
TNS   : 0.000

Type  : Slow 1100mV 85C Model Recovery 'clock_divider:u_div|clk_out'
Slack : -1.891
TNS   : -531.601

Type  : Slow 1100mV 85C Model Removal 'clock_divider:u_div|clk_out'
Slack : 1.257
TNS   : 0.000

Type  : Slow 1100mV 85C Model Minimum Pulse Width 'CLOCK_50'
Slack : -0.415
TNS   : -18.240

Type  : Slow 1100mV 85C Model Minimum Pulse Width 'clock_divider:u_div|clk_out'
Slack : -0.394
TNS   : -4871.186

Type  : Slow 1100mV 85C Model Minimum Pulse Width 'clk_pix'
Slack : -0.394
TNS   : -36.354

Type  : Slow 1100mV 85C Model Minimum Pulse Width 'sck'
Slack : -0.394
TNS   : -7.570

Type  : Slow 1100mV 0C Model Setup 'clock_divider:u_div|clk_out'
Slack : -87.649
TNS   : -116427.364

Type  : Slow 1100mV 0C Model Setup 'clk_pix'
Slack : -8.781
TNS   : -352.017

Type  : Slow 1100mV 0C Model Setup 'CLOCK_50'
Slack : -4.393
TNS   : -56.305

Type  : Slow 1100mV 0C Model Setup 'sck'
Slack : -0.419
TNS   : -0.688

Type  : Slow 1100mV 0C Model Hold 'sck'
Slack : 0.204
TNS   : 0.000

Type  : Slow 1100mV 0C Model Hold 'CLOCK_50'
Slack : 0.377
TNS   : 0.000

Type  : Slow 1100mV 0C Model Hold 'clock_divider:u_div|clk_out'
Slack : 0.378
TNS   : 0.000

Type  : Slow 1100mV 0C Model Hold 'clk_pix'
Slack : 0.464
TNS   : 0.000

Type  : Slow 1100mV 0C Model Recovery 'clock_divider:u_div|clk_out'
Slack : -1.800
TNS   : -498.900

Type  : Slow 1100mV 0C Model Removal 'clock_divider:u_div|clk_out'
Slack : 1.178
TNS   : 0.000

Type  : Slow 1100mV 0C Model Minimum Pulse Width 'CLOCK_50'
Slack : -0.445
TNS   : -19.580

Type  : Slow 1100mV 0C Model Minimum Pulse Width 'clock_divider:u_div|clk_out'
Slack : -0.394
TNS   : -5330.598

Type  : Slow 1100mV 0C Model Minimum Pulse Width 'clk_pix'
Slack : -0.394
TNS   : -35.646

Type  : Slow 1100mV 0C Model Minimum Pulse Width 'sck'
Slack : -0.394
TNS   : -7.499

Type  : Fast 1100mV 85C Model Setup 'clock_divider:u_div|clk_out'
Slack : -48.401
TNS   : -73968.954

Type  : Fast 1100mV 85C Model Setup 'clk_pix'
Slack : -4.735
TNS   : -190.290

Type  : Fast 1100mV 85C Model Setup 'CLOCK_50'
Slack : -2.975
TNS   : -19.126

Type  : Fast 1100mV 85C Model Setup 'sck'
Slack : 0.161
TNS   : 0.000

Type  : Fast 1100mV 85C Model Hold 'sck'
Slack : 0.137
TNS   : 0.000

Type  : Fast 1100mV 85C Model Hold 'clk_pix'
Slack : 0.174
TNS   : 0.000

Type  : Fast 1100mV 85C Model Hold 'clock_divider:u_div|clk_out'
Slack : 0.182
TNS   : 0.000

Type  : Fast 1100mV 85C Model Hold 'CLOCK_50'
Slack : 0.201
TNS   : 0.000

Type  : Fast 1100mV 85C Model Recovery 'clock_divider:u_div|clk_out'
Slack : -0.890
TNS   : -225.026

Type  : Fast 1100mV 85C Model Removal 'clock_divider:u_div|clk_out'
Slack : 0.695
TNS   : 0.000

Type  : Fast 1100mV 85C Model Minimum Pulse Width 'sck'
Slack : -0.554
TNS   : -8.341

Type  : Fast 1100mV 85C Model Minimum Pulse Width 'CLOCK_50'
Slack : -0.467
TNS   : -3.738

Type  : Fast 1100mV 85C Model Minimum Pulse Width 'clk_pix'
Slack : 0.045
TNS   : 0.000

Type  : Fast 1100mV 85C Model Minimum Pulse Width 'clock_divider:u_div|clk_out'
Slack : 0.096
TNS   : 0.000

Type  : Fast 1100mV 0C Model Setup 'clock_divider:u_div|clk_out'
Slack : -45.203
TNS   : -65212.640

Type  : Fast 1100mV 0C Model Setup 'clk_pix'
Slack : -4.450
TNS   : -173.808

Type  : Fast 1100mV 0C Model Setup 'CLOCK_50'
Slack : -2.507
TNS   : -17.309

Type  : Fast 1100mV 0C Model Setup 'sck'
Slack : 0.205
TNS   : 0.000

Type  : Fast 1100mV 0C Model Hold 'sck'
Slack : 0.124
TNS   : 0.000

Type  : Fast 1100mV 0C Model Hold 'clk_pix'
Slack : 0.157
TNS   : 0.000

Type  : Fast 1100mV 0C Model Hold 'clock_divider:u_div|clk_out'
Slack : 0.172
TNS   : 0.000

Type  : Fast 1100mV 0C Model Hold 'CLOCK_50'
Slack : 0.190
TNS   : 0.000

Type  : Fast 1100mV 0C Model Recovery 'clock_divider:u_div|clk_out'
Slack : -0.709
TNS   : -171.849

Type  : Fast 1100mV 0C Model Removal 'clock_divider:u_div|clk_out'
Slack : 0.627
TNS   : 0.000

Type  : Fast 1100mV 0C Model Minimum Pulse Width 'sck'
Slack : -0.606
TNS   : -9.649

Type  : Fast 1100mV 0C Model Minimum Pulse Width 'CLOCK_50'
Slack : -0.473
TNS   : -3.731

Type  : Fast 1100mV 0C Model Minimum Pulse Width 'clk_pix'
Slack : 0.074
TNS   : 0.000

Type  : Fast 1100mV 0C Model Minimum Pulse Width 'clock_divider:u_div|clk_out'
Slack : 0.084
TNS   : 0.000

------------------------------------------------------------
