Analysis & Elaboration report for ProyectoFT
Mon Nov  3 19:58:21 2025
Quartus Prime Version 22.1std.0 Build 915 10/25/2022 SC Lite Edition


---------------------
; Table of Contents ;
---------------------
  1. Legal Notice
  2. Analysis & Elaboration Summary
  3. Parallel Compilation
  4. Analysis & Elaboration Settings
  5. Port Connectivity Checks: "cpu_armv4:u_cpu|ram_data:u_ram"
  6. Port Connectivity Checks: "cpu_armv4:u_cpu|alu:u_alu"
  7. Port Connectivity Checks: "cpu_armv4:u_cpu"
  8. Analysis & Elaboration Messages
  9. Analysis & Elaboration Suppressed Messages



----------------
; Legal Notice ;
----------------
Copyright (C) 2022  Intel Corporation. All rights reserved.
Your use of Intel Corporation's design tools, logic functions 
and other software and tools, and any partner logic 
functions, and any output files from any of the foregoing 
(including device programming or simulation files), and any 
associated documentation or information are expressly subject 
to the terms and conditions of the Intel Program License 
Subscription Agreement, the Intel Quartus Prime License Agreement,
the Intel FPGA IP License Agreement, or other applicable license
agreement, including, without limitation, that your use is for
the sole purpose of programming logic devices manufactured by
Intel and sold by Intel or its authorized distributors.  Please
refer to the applicable agreement for further details, at
https://fpgasoftware.intel.com/eula.



+--------------------------------------------------------------------------------+
; Analysis & Elaboration Summary                                                 ;
+-------------------------------+------------------------------------------------+
; Analysis & Elaboration Status ; Successful - Mon Nov  3 19:58:21 2025          ;
; Quartus Prime Version         ; 22.1std.0 Build 915 10/25/2022 SC Lite Edition ;
; Revision Name                 ; ProyectoFT                                     ;
; Top-level Entity Name         ; top_fpga_cpu_test                              ;
; Family                        ; Cyclone V                                      ;
; Logic utilization (in ALMs)   ; N/A until Partition Merge                      ;
; Total registers               ; N/A until Partition Merge                      ;
; Total pins                    ; N/A until Partition Merge                      ;
; Total virtual pins            ; N/A until Partition Merge                      ;
; Total block memory bits       ; N/A until Partition Merge                      ;
; Total PLLs                    ; N/A until Partition Merge                      ;
; Total DLLs                    ; N/A until Partition Merge                      ;
+-------------------------------+------------------------------------------------+


+------------------------------------------+
; Parallel Compilation                     ;
+----------------------------+-------------+
; Processors                 ; Number      ;
+----------------------------+-------------+
; Number detected on machine ; 8           ;
; Maximum allowed            ; 4           ;
;                            ;             ;
; Average used               ; 1.00        ;
; Maximum used               ; 1           ;
;                            ;             ;
; Usage by Processor         ; % Time Used ;
;     Processor 1            ; 100.0%      ;
+----------------------------+-------------+


+---------------------------------------------------------------------------------------------------------------------------+
; Analysis & Elaboration Settings                                                                                           ;
+---------------------------------------------------------------------------------+--------------------+--------------------+
; Option                                                                          ; Setting            ; Default Value      ;
+---------------------------------------------------------------------------------+--------------------+--------------------+
; Device                                                                          ; 5CSXFC6D6F31C6     ;                    ;
; Top-level entity name                                                           ; top_fpga_cpu_test  ; ProyectoFT         ;
; Family name                                                                     ; Cyclone V          ; Cyclone V          ;
; Use smart compilation                                                           ; Off                ; Off                ;
; Enable parallel Assembler and Timing Analyzer during compilation                ; On                 ; On                 ;
; Enable compact report table                                                     ; Off                ; Off                ;
; Restructure Multiplexers                                                        ; Auto               ; Auto               ;
; MLAB Add Timing Constraints For Mixed-Port Feed-Through Mode Setting Don't Care ; Off                ; Off                ;
; Create Debugging Nodes for IP Cores                                             ; Off                ; Off                ;
; Preserve fewer node names                                                       ; On                 ; On                 ;
; Intel FPGA IP Evaluation Mode                                                   ; Enable             ; Enable             ;
; Verilog Version                                                                 ; Verilog_2001       ; Verilog_2001       ;
; VHDL Version                                                                    ; VHDL_1993          ; VHDL_1993          ;
; State Machine Processing                                                        ; Auto               ; Auto               ;
; Safe State Machine                                                              ; Off                ; Off                ;
; Extract Verilog State Machines                                                  ; On                 ; On                 ;
; Extract VHDL State Machines                                                     ; On                 ; On                 ;
; Ignore Verilog initial constructs                                               ; Off                ; Off                ;
; Iteration limit for constant Verilog loops                                      ; 5000               ; 5000               ;
; Iteration limit for non-constant Verilog loops                                  ; 250                ; 250                ;
; Add Pass-Through Logic to Inferred RAMs                                         ; On                 ; On                 ;
; Infer RAMs from Raw Logic                                                       ; On                 ; On                 ;
; Parallel Synthesis                                                              ; On                 ; On                 ;
; DSP Block Balancing                                                             ; Auto               ; Auto               ;
; NOT Gate Push-Back                                                              ; On                 ; On                 ;
; Power-Up Don't Care                                                             ; On                 ; On                 ;
; Remove Redundant Logic Cells                                                    ; Off                ; Off                ;
; Remove Duplicate Registers                                                      ; On                 ; On                 ;
; Ignore CARRY Buffers                                                            ; Off                ; Off                ;
; Ignore CASCADE Buffers                                                          ; Off                ; Off                ;
; Ignore GLOBAL Buffers                                                           ; Off                ; Off                ;
; Ignore ROW GLOBAL Buffers                                                       ; Off                ; Off                ;
; Ignore LCELL Buffers                                                            ; Off                ; Off                ;
; Ignore SOFT Buffers                                                             ; On                 ; On                 ;
; Limit AHDL Integers to 32 Bits                                                  ; Off                ; Off                ;
; Optimization Technique                                                          ; Balanced           ; Balanced           ;
; Carry Chain Length                                                              ; 70                 ; 70                 ;
; Auto Carry Chains                                                               ; On                 ; On                 ;
; Auto Open-Drain Pins                                                            ; On                 ; On                 ;
; Perform WYSIWYG Primitive Resynthesis                                           ; Off                ; Off                ;
; Auto ROM Replacement                                                            ; On                 ; On                 ;
; Auto RAM Replacement                                                            ; On                 ; On                 ;
; Auto DSP Block Replacement                                                      ; On                 ; On                 ;
; Auto Shift Register Replacement                                                 ; Auto               ; Auto               ;
; Allow Shift Register Merging across Hierarchies                                 ; Auto               ; Auto               ;
; Auto Clock Enable Replacement                                                   ; On                 ; On                 ;
; Strict RAM Replacement                                                          ; Off                ; Off                ;
; Allow Synchronous Control Signals                                               ; On                 ; On                 ;
; Force Use of Synchronous Clear Signals                                          ; Off                ; Off                ;
; Auto Resource Sharing                                                           ; Off                ; Off                ;
; Allow Any RAM Size For Recognition                                              ; Off                ; Off                ;
; Allow Any ROM Size For Recognition                                              ; Off                ; Off                ;
; Allow Any Shift Register Size For Recognition                                   ; Off                ; Off                ;
; Use LogicLock Constraints during Resource Balancing                             ; On                 ; On                 ;
; Ignore translate_off and synthesis_off directives                               ; Off                ; Off                ;
; Timing-Driven Synthesis                                                         ; On                 ; On                 ;
; Report Parameter Settings                                                       ; On                 ; On                 ;
; Report Source Assignments                                                       ; On                 ; On                 ;
; Report Connectivity Checks                                                      ; On                 ; On                 ;
; Ignore Maximum Fan-Out Assignments                                              ; Off                ; Off                ;
; Synchronization Register Chain Length                                           ; 3                  ; 3                  ;
; Power Optimization During Synthesis                                             ; Normal compilation ; Normal compilation ;
; HDL message level                                                               ; Level2             ; Level2             ;
; Suppress Register Optimization Related Messages                                 ; Off                ; Off                ;
; Number of Removed Registers Reported in Synthesis Report                        ; 5000               ; 5000               ;
; Number of Swept Nodes Reported in Synthesis Report                              ; 5000               ; 5000               ;
; Number of Inverted Registers Reported in Synthesis Report                       ; 100                ; 100                ;
; Clock MUX Protection                                                            ; On                 ; On                 ;
; Auto Gated Clock Conversion                                                     ; Off                ; Off                ;
; Block Design Naming                                                             ; Auto               ; Auto               ;
; SDC constraint protection                                                       ; Off                ; Off                ;
; Synthesis Effort                                                                ; Auto               ; Auto               ;
; Shift Register Replacement - Allow Asynchronous Clear Signal                    ; On                 ; On                 ;
; Pre-Mapping Resynthesis Optimization                                            ; Off                ; Off                ;
; Analysis & Synthesis Message Level                                              ; Medium             ; Medium             ;
; Disable Register Merging Across Hierarchies                                     ; Auto               ; Auto               ;
; Resource Aware Inference For Block RAM                                          ; On                 ; On                 ;
; Automatic Parallel Synthesis                                                    ; On                 ; On                 ;
; Partial Reconfiguration Bitstream ID                                            ; Off                ; Off                ;
+---------------------------------------------------------------------------------+--------------------+--------------------+


+--------------------------------------------------------------------------------------------------------------------+
; Port Connectivity Checks: "cpu_armv4:u_cpu|ram_data:u_ram"                                                         ;
+----------+--------+----------+-------------------------------------------------------------------------------------+
; Port     ; Type   ; Severity ; Details                                                                             ;
+----------+--------+----------+-------------------------------------------------------------------------------------+
; data_out ; Output ; Info     ; Connected to dangling logic. Logic that only feeds a dangling port will be removed. ;
+----------+--------+----------+-------------------------------------------------------------------------------------+


+-------------------------------------------------------+
; Port Connectivity Checks: "cpu_armv4:u_cpu|alu:u_alu" ;
+--------+--------+----------+--------------------------+
; Port   ; Type   ; Severity ; Details                  ;
+--------+--------+----------+--------------------------+
; busy   ; Output ; Info     ; Explicitly unconnected   ;
; z_flag ; Output ; Info     ; Explicitly unconnected   ;
; n_flag ; Output ; Info     ; Explicitly unconnected   ;
; c_flag ; Output ; Info     ; Explicitly unconnected   ;
; v_flag ; Output ; Info     ; Explicitly unconnected   ;
+--------+--------+----------+--------------------------+


+----------------------------------------------------------------------------------------------------------------------------------+
; Port Connectivity Checks: "cpu_armv4:u_cpu"                                                                                      ;
+------------------------+--------+----------+-------------------------------------------------------------------------------------+
; Port                   ; Type   ; Severity ; Details                                                                             ;
+------------------------+--------+----------+-------------------------------------------------------------------------------------+
; alu_result_out[31..10] ; Output ; Info     ; Connected to dangling logic. Logic that only feeds a dangling port will be removed. ;
+------------------------+--------+----------+-------------------------------------------------------------------------------------+


+---------------------------------+
; Analysis & Elaboration Messages ;
+---------------------------------+
Info: *******************************************************************
Info: Running Quartus Prime Analysis & Elaboration
    Info: Version 22.1std.0 Build 915 10/25/2022 SC Lite Edition
    Info: Processing started: Mon Nov  3 19:58:13 2025
Info: Command: quartus_map --read_settings_files=on --write_settings_files=off ProyectoFT -c ProyectoFT --analysis_and_elaboration
Warning (18236): Number of processors has not been specified which may cause overloading on shared machines.  Set the global assignment NUM_PARALLEL_PROCESSORS in your QSF to an appropriate value for best performance.
Info (20030): Parallel compilation is enabled and will use 4 of the 4 processors detected
Info (12021): Found 1 design units, including 1 entities, in source file alu.sv
    Info (12023): Found entity 1: alu File: C:/Users/ema08/OneDrive - Estudiantes ITCR/Escritorio/Taller de diseno/Proyecto_Final_TDD/alu.sv Line: 6
Info (12021): Found 1 design units, including 1 entities, in source file regfile.sv
    Info (12023): Found entity 1: regfile File: C:/Users/ema08/OneDrive - Estudiantes ITCR/Escritorio/Taller de diseno/Proyecto_Final_TDD/regfile.sv Line: 5
Info (12021): Found 1 design units, including 1 entities, in source file divider.sv
    Info (12023): Found entity 1: divider File: C:/Users/ema08/OneDrive - Estudiantes ITCR/Escritorio/Taller de diseno/Proyecto_Final_TDD/divider.sv Line: 6
Info (12021): Found 1 design units, including 1 entities, in source file control_unit.sv
    Info (12023): Found entity 1: control_unit File: C:/Users/ema08/OneDrive - Estudiantes ITCR/Escritorio/Taller de diseno/Proyecto_Final_TDD/control_unit.sv Line: 6
Info (12021): Found 1 design units, including 1 entities, in source file cpu_armv4.sv
    Info (12023): Found entity 1: cpu_armv4 File: C:/Users/ema08/OneDrive - Estudiantes ITCR/Escritorio/Taller de diseno/Proyecto_Final_TDD/cpu_armv4.sv Line: 5
Info (12021): Found 1 design units, including 1 entities, in source file rom_program.sv
    Info (12023): Found entity 1: rom_program File: C:/Users/ema08/OneDrive - Estudiantes ITCR/Escritorio/Taller de diseno/Proyecto_Final_TDD/rom_program.sv Line: 5
Info (12021): Found 1 design units, including 1 entities, in source file ram_data.sv
    Info (12023): Found entity 1: ram_data File: C:/Users/ema08/OneDrive - Estudiantes ITCR/Escritorio/Taller de diseno/Proyecto_Final_TDD/ram_data.sv Line: 5
Info (12021): Found 1 design units, including 1 entities, in source file vga_controller.sv
    Info (12023): Found entity 1: vga_controller File: C:/Users/ema08/OneDrive - Estudiantes ITCR/Escritorio/Taller de diseno/Proyecto_Final_TDD/vga_controller.sv Line: 5
Info (12021): Found 1 design units, including 1 entities, in source file vga_textgen.sv
    Info (12023): Found entity 1: vga_textgen File: C:/Users/ema08/OneDrive - Estudiantes ITCR/Escritorio/Taller de diseno/Proyecto_Final_TDD/vga_textgen.sv Line: 5
Info (12021): Found 1 design units, including 1 entities, in source file spi_io.sv
    Info (12023): Found entity 1: SPI_io File: C:/Users/ema08/OneDrive - Estudiantes ITCR/Escritorio/Taller de diseno/Proyecto_Final_TDD/SPI_io.sv Line: 1
Info (12021): Found 1 design units, including 1 entities, in source file top_fpga_cpu_test.sv
    Info (12023): Found entity 1: top_fpga_cpu_test File: C:/Users/ema08/OneDrive - Estudiantes ITCR/Escritorio/Taller de diseno/Proyecto_Final_TDD/top_fpga_cpu_test.sv Line: 5
Info (12021): Found 1 design units, including 1 entities, in source file spi_top.sv
    Info (12023): Found entity 1: SPI_top File: C:/Users/ema08/OneDrive - Estudiantes ITCR/Escritorio/Taller de diseno/Proyecto_Final_TDD/SPI_top.sv Line: 1
Info (12021): Found 1 design units, including 1 entities, in source file seven_segment_display.sv
    Info (12023): Found entity 1: seven_segment_display File: C:/Users/ema08/OneDrive - Estudiantes ITCR/Escritorio/Taller de diseno/Proyecto_Final_TDD/seven_segment_display.sv Line: 1
Info (12021): Found 1 design units, including 1 entities, in source file clock_divider.sv
    Info (12023): Found entity 1: clock_divider File: C:/Users/ema08/OneDrive - Estudiantes ITCR/Escritorio/Taller de diseno/Proyecto_Final_TDD/clock_divider.sv Line: 5
Info (12021): Found 1 design units, including 1 entities, in source file tb_cpu_romcheck.sv
    Info (12023): Found entity 1: tb_cpu_romcheck File: C:/Users/ema08/OneDrive - Estudiantes ITCR/Escritorio/Taller de diseno/Proyecto_Final_TDD/tb_cpu_romcheck.sv Line: 7
Info (12021): Found 1 design units, including 1 entities, in source file tb_alu_isolated.sv
    Info (12023): Found entity 1: tb_alu_isolated File: C:/Users/ema08/OneDrive - Estudiantes ITCR/Escritorio/Taller de diseno/Proyecto_Final_TDD/tb_alu_isolated.sv Line: 2
Warning (10236): Verilog HDL Implicit Net warning at cpu_armv4.sv(96): created implicit net for "srcA" File: C:/Users/ema08/OneDrive - Estudiantes ITCR/Escritorio/Taller de diseno/Proyecto_Final_TDD/cpu_armv4.sv Line: 96
Warning (10236): Verilog HDL Implicit Net warning at cpu_armv4.sv(97): created implicit net for "srcB" File: C:/Users/ema08/OneDrive - Estudiantes ITCR/Escritorio/Taller de diseno/Proyecto_Final_TDD/cpu_armv4.sv Line: 97
Info (12127): Elaborating entity "top_fpga_cpu_test" for the top level hierarchy
Info (12128): Elaborating entity "clock_divider" for hierarchy "clock_divider:u_div" File: C:/Users/ema08/OneDrive - Estudiantes ITCR/Escritorio/Taller de diseno/Proyecto_Final_TDD/top_fpga_cpu_test.sv Line: 26
Warning (10230): Verilog HDL assignment warning at clock_divider.sv(17): truncated value with size 32 to match size of target (26) File: C:/Users/ema08/OneDrive - Estudiantes ITCR/Escritorio/Taller de diseno/Proyecto_Final_TDD/clock_divider.sv Line: 17
Info (12128): Elaborating entity "cpu_armv4" for hierarchy "cpu_armv4:u_cpu" File: C:/Users/ema08/OneDrive - Estudiantes ITCR/Escritorio/Taller de diseno/Proyecto_Final_TDD/top_fpga_cpu_test.sv Line: 35
Warning (10036): Verilog HDL or VHDL warning at cpu_armv4.sv(96): object "srcA" assigned a value but never read File: C:/Users/ema08/OneDrive - Estudiantes ITCR/Escritorio/Taller de diseno/Proyecto_Final_TDD/cpu_armv4.sv Line: 96
Warning (10036): Verilog HDL or VHDL warning at cpu_armv4.sv(97): object "srcB" assigned a value but never read File: C:/Users/ema08/OneDrive - Estudiantes ITCR/Escritorio/Taller de diseno/Proyecto_Final_TDD/cpu_armv4.sv Line: 97
Warning (10230): Verilog HDL assignment warning at cpu_armv4.sv(36): truncated value with size 32 to match size of target (8) File: C:/Users/ema08/OneDrive - Estudiantes ITCR/Escritorio/Taller de diseno/Proyecto_Final_TDD/cpu_armv4.sv Line: 36
Warning (10230): Verilog HDL assignment warning at cpu_armv4.sv(96): truncated value with size 4 to match size of target (1) File: C:/Users/ema08/OneDrive - Estudiantes ITCR/Escritorio/Taller de diseno/Proyecto_Final_TDD/cpu_armv4.sv Line: 96
Warning (10230): Verilog HDL assignment warning at cpu_armv4.sv(97): truncated value with size 4 to match size of target (1) File: C:/Users/ema08/OneDrive - Estudiantes ITCR/Escritorio/Taller de diseno/Proyecto_Final_TDD/cpu_armv4.sv Line: 97
Info (12128): Elaborating entity "rom_program" for hierarchy "cpu_armv4:u_cpu|rom_program:u_rom" File: C:/Users/ema08/OneDrive - Estudiantes ITCR/Escritorio/Taller de diseno/Proyecto_Final_TDD/cpu_armv4.sv Line: 42
Warning (10850): Verilog HDL warning at rom_program.sv(12): number of words (7) in memory file does not match the number of elements in the address range [0:255] File: C:/Users/ema08/OneDrive - Estudiantes ITCR/Escritorio/Taller de diseno/Proyecto_Final_TDD/rom_program.sv Line: 12
Warning (10030): Net "memory.data_a" at rom_program.sv(9) has no driver or initial value, using a default initial value '0' File: C:/Users/ema08/OneDrive - Estudiantes ITCR/Escritorio/Taller de diseno/Proyecto_Final_TDD/rom_program.sv Line: 9
Warning (10030): Net "memory.waddr_a" at rom_program.sv(9) has no driver or initial value, using a default initial value '0' File: C:/Users/ema08/OneDrive - Estudiantes ITCR/Escritorio/Taller de diseno/Proyecto_Final_TDD/rom_program.sv Line: 9
Warning (10030): Net "memory.we_a" at rom_program.sv(9) has no driver or initial value, using a default initial value '0' File: C:/Users/ema08/OneDrive - Estudiantes ITCR/Escritorio/Taller de diseno/Proyecto_Final_TDD/rom_program.sv Line: 9
Info (12128): Elaborating entity "control_unit" for hierarchy "cpu_armv4:u_cpu|control_unit:u_ctrl" File: C:/Users/ema08/OneDrive - Estudiantes ITCR/Escritorio/Taller de diseno/Proyecto_Final_TDD/cpu_armv4.sv Line: 58
Info (12128): Elaborating entity "regfile" for hierarchy "cpu_armv4:u_cpu|regfile:u_regfile" File: C:/Users/ema08/OneDrive - Estudiantes ITCR/Escritorio/Taller de diseno/Proyecto_Final_TDD/cpu_armv4.sv Line: 73
Info (12128): Elaborating entity "alu" for hierarchy "cpu_armv4:u_cpu|alu:u_alu" File: C:/Users/ema08/OneDrive - Estudiantes ITCR/Escritorio/Taller de diseno/Proyecto_Final_TDD/cpu_armv4.sv Line: 88
Info (12128): Elaborating entity "ram_data" for hierarchy "cpu_armv4:u_cpu|ram_data:u_ram" File: C:/Users/ema08/OneDrive - Estudiantes ITCR/Escritorio/Taller de diseno/Proyecto_Final_TDD/cpu_armv4.sv Line: 105
Info (144001): Generated suppressed messages file C:/Users/ema08/OneDrive - Estudiantes ITCR/Escritorio/Taller de diseno/Proyecto_Final_TDD/output_files/ProyectoFT.map.smsg
Info: Quartus Prime Analysis & Elaboration was successful. 0 errors, 13 warnings
    Info: Peak virtual memory: 4791 megabytes
    Info: Processing ended: Mon Nov  3 19:58:21 2025
    Info: Elapsed time: 00:00:08
    Info: Total CPU time (on all processors): 00:00:17


+--------------------------------------------+
; Analysis & Elaboration Suppressed Messages ;
+--------------------------------------------+
The suppressed messages can be found in C:/Users/ema08/OneDrive - Estudiantes ITCR/Escritorio/Taller de diseno/Proyecto_Final_TDD/output_files/ProyectoFT.map.smsg.


